Archive member included to satisfy reference by file (symbol)

/usr/local/playdate/gcc-arm-none-eabi-9-2019-q4-major/bin/../lib/gcc/arm-none-eabi/9.2.1/../../../../arm-none-eabi/lib/thumb/v7e-m+fp/hard/libg.a(lib_a-malloc.o)
                              build/src/main.o (malloc)
/usr/local/playdate/gcc-arm-none-eabi-9-2019-q4-major/bin/../lib/gcc/arm-none-eabi/9.2.1/../../../../arm-none-eabi/lib/thumb/v7e-m+fp/hard/libg.a(lib_a-strlen.o)
                              build/src/main.o (strlen)
/usr/local/playdate/gcc-arm-none-eabi-9-2019-q4-major/bin/../lib/gcc/arm-none-eabi/9.2.1/../../../../arm-none-eabi/lib/thumb/v7e-m+fp/hard/libg.a(lib_a-impure.o)
                              /usr/local/playdate/gcc-arm-none-eabi-9-2019-q4-major/bin/../lib/gcc/arm-none-eabi/9.2.1/../../../../arm-none-eabi/lib/thumb/v7e-m+fp/hard/libg.a(lib_a-malloc.o) (_impure_ptr)

Discarded input sections

 .group         0x0000000000000000        0xc build/src/main.o
 .group         0x0000000000000000        0xc build/src/main.o
 .group         0x0000000000000000        0xc build/src/main.o
 .group         0x0000000000000000        0xc build/src/main.o
 .group         0x0000000000000000        0xc build/src/main.o
 .group         0x0000000000000000        0xc build/src/main.o
 .group         0x0000000000000000        0xc build/src/main.o
 .group         0x0000000000000000        0xc build/src/main.o
 .group         0x0000000000000000        0xc build/src/main.o
 .group         0x0000000000000000        0xc build/src/main.o
 .group         0x0000000000000000        0xc build/src/main.o
 .group         0x0000000000000000        0xc build/src/main.o
 .group         0x0000000000000000        0xc build/src/main.o
 .group         0x0000000000000000        0xc build/src/main.o
 .group         0x0000000000000000        0xc build/src/main.o
 .group         0x0000000000000000        0xc build/src/main.o
 .group         0x0000000000000000        0xc build/src/main.o
 .group         0x0000000000000000        0xc build/src/main.o
 .group         0x0000000000000000        0xc build/src/main.o
 .group         0x0000000000000000        0xc build/src/main.o
 .group         0x0000000000000000        0xc build/src/main.o
 .group         0x0000000000000000        0xc build/src/main.o
 .group         0x0000000000000000        0xc build/src/main.o
 .group         0x0000000000000000        0xc build/src/main.o
 .group         0x0000000000000000        0xc build/src/main.o
 .group         0x0000000000000000        0xc build/src/main.o
 .group         0x0000000000000000        0xc build/src/main.o
 .group         0x0000000000000000        0xc build/src/main.o
 .group         0x0000000000000000        0xc build/src/main.o
 .group         0x0000000000000000        0xc build/src/main.o
 .group         0x0000000000000000        0xc build/src/main.o
 .group         0x0000000000000000        0xc build/src/main.o
 .group         0x0000000000000000        0xc build/src/main.o
 .group         0x0000000000000000        0xc build/src/main.o
 .group         0x0000000000000000        0xc build/src/main.o
 .group         0x0000000000000000        0xc build/src/main.o
 .group         0x0000000000000000        0xc build/src/main.o
 .group         0x0000000000000000        0xc build/src/main.o
 .group         0x0000000000000000        0xc build/src/main.o
 .group         0x0000000000000000        0xc build/src/main.o
 .group         0x0000000000000000        0xc build/src/main.o
 .text          0x0000000000000000        0x0 build/src/main.o
 .data          0x0000000000000000        0x0 build/src/main.o
 .bss           0x0000000000000000        0x0 build/src/main.o
 .group         0x0000000000000000        0xc build//Users/kubukoz/Developer/PlaydateSDK/C_API/buildsupport/setup.o
 .group         0x0000000000000000        0xc build//Users/kubukoz/Developer/PlaydateSDK/C_API/buildsupport/setup.o
 .group         0x0000000000000000        0xc build//Users/kubukoz/Developer/PlaydateSDK/C_API/buildsupport/setup.o
 .group         0x0000000000000000        0xc build//Users/kubukoz/Developer/PlaydateSDK/C_API/buildsupport/setup.o
 .group         0x0000000000000000        0xc build//Users/kubukoz/Developer/PlaydateSDK/C_API/buildsupport/setup.o
 .group         0x0000000000000000        0xc build//Users/kubukoz/Developer/PlaydateSDK/C_API/buildsupport/setup.o
 .group         0x0000000000000000        0xc build//Users/kubukoz/Developer/PlaydateSDK/C_API/buildsupport/setup.o
 .group         0x0000000000000000        0xc build//Users/kubukoz/Developer/PlaydateSDK/C_API/buildsupport/setup.o
 .group         0x0000000000000000        0xc build//Users/kubukoz/Developer/PlaydateSDK/C_API/buildsupport/setup.o
 .group         0x0000000000000000        0xc build//Users/kubukoz/Developer/PlaydateSDK/C_API/buildsupport/setup.o
 .group         0x0000000000000000        0xc build//Users/kubukoz/Developer/PlaydateSDK/C_API/buildsupport/setup.o
 .group         0x0000000000000000        0xc build//Users/kubukoz/Developer/PlaydateSDK/C_API/buildsupport/setup.o
 .group         0x0000000000000000        0xc build//Users/kubukoz/Developer/PlaydateSDK/C_API/buildsupport/setup.o
 .group         0x0000000000000000        0xc build//Users/kubukoz/Developer/PlaydateSDK/C_API/buildsupport/setup.o
 .group         0x0000000000000000        0xc build//Users/kubukoz/Developer/PlaydateSDK/C_API/buildsupport/setup.o
 .group         0x0000000000000000        0xc build//Users/kubukoz/Developer/PlaydateSDK/C_API/buildsupport/setup.o
 .group         0x0000000000000000        0xc build//Users/kubukoz/Developer/PlaydateSDK/C_API/buildsupport/setup.o
 .group         0x0000000000000000        0xc build//Users/kubukoz/Developer/PlaydateSDK/C_API/buildsupport/setup.o
 .group         0x0000000000000000        0xc build//Users/kubukoz/Developer/PlaydateSDK/C_API/buildsupport/setup.o
 .group         0x0000000000000000        0xc build//Users/kubukoz/Developer/PlaydateSDK/C_API/buildsupport/setup.o
 .group         0x0000000000000000        0xc build//Users/kubukoz/Developer/PlaydateSDK/C_API/buildsupport/setup.o
 .group         0x0000000000000000        0xc build//Users/kubukoz/Developer/PlaydateSDK/C_API/buildsupport/setup.o
 .group         0x0000000000000000        0xc build//Users/kubukoz/Developer/PlaydateSDK/C_API/buildsupport/setup.o
 .group         0x0000000000000000        0xc build//Users/kubukoz/Developer/PlaydateSDK/C_API/buildsupport/setup.o
 .group         0x0000000000000000        0xc build//Users/kubukoz/Developer/PlaydateSDK/C_API/buildsupport/setup.o
 .group         0x0000000000000000        0xc build//Users/kubukoz/Developer/PlaydateSDK/C_API/buildsupport/setup.o
 .group         0x0000000000000000        0xc build//Users/kubukoz/Developer/PlaydateSDK/C_API/buildsupport/setup.o
 .group         0x0000000000000000        0xc build//Users/kubukoz/Developer/PlaydateSDK/C_API/buildsupport/setup.o
 .text          0x0000000000000000        0x0 build//Users/kubukoz/Developer/PlaydateSDK/C_API/buildsupport/setup.o
 .data          0x0000000000000000        0x0 build//Users/kubukoz/Developer/PlaydateSDK/C_API/buildsupport/setup.o
 .bss           0x0000000000000000        0x0 build//Users/kubukoz/Developer/PlaydateSDK/C_API/buildsupport/setup.o
 .text._realloc_r
                0x0000000000000000       0x10 build//Users/kubukoz/Developer/PlaydateSDK/C_API/buildsupport/setup.o
 .text._free_r  0x0000000000000000       0x14 build//Users/kubukoz/Developer/PlaydateSDK/C_API/buildsupport/setup.o
 .debug_macro   0x0000000000000000      0xaa8 build//Users/kubukoz/Developer/PlaydateSDK/C_API/buildsupport/setup.o
 .debug_macro   0x0000000000000000       0x22 build//Users/kubukoz/Developer/PlaydateSDK/C_API/buildsupport/setup.o
 .debug_macro   0x0000000000000000       0x8e build//Users/kubukoz/Developer/PlaydateSDK/C_API/buildsupport/setup.o
 .debug_macro   0x0000000000000000       0x51 build//Users/kubukoz/Developer/PlaydateSDK/C_API/buildsupport/setup.o
 .debug_macro   0x0000000000000000       0xef build//Users/kubukoz/Developer/PlaydateSDK/C_API/buildsupport/setup.o
 .debug_macro   0x0000000000000000       0x6a build//Users/kubukoz/Developer/PlaydateSDK/C_API/buildsupport/setup.o
 .debug_macro   0x0000000000000000      0x1df build//Users/kubukoz/Developer/PlaydateSDK/C_API/buildsupport/setup.o
 .debug_macro   0x0000000000000000       0x18 build//Users/kubukoz/Developer/PlaydateSDK/C_API/buildsupport/setup.o
 .debug_macro   0x0000000000000000       0x5e build//Users/kubukoz/Developer/PlaydateSDK/C_API/buildsupport/setup.o
 .debug_macro   0x0000000000000000       0x35 build//Users/kubukoz/Developer/PlaydateSDK/C_API/buildsupport/setup.o
 .debug_macro   0x0000000000000000       0x34 build//Users/kubukoz/Developer/PlaydateSDK/C_API/buildsupport/setup.o
 .debug_macro   0x0000000000000000       0x16 build//Users/kubukoz/Developer/PlaydateSDK/C_API/buildsupport/setup.o
 .debug_macro   0x0000000000000000      0x10e build//Users/kubukoz/Developer/PlaydateSDK/C_API/buildsupport/setup.o
 .debug_macro   0x0000000000000000       0x8d build//Users/kubukoz/Developer/PlaydateSDK/C_API/buildsupport/setup.o
 .debug_macro   0x0000000000000000       0x58 build//Users/kubukoz/Developer/PlaydateSDK/C_API/buildsupport/setup.o
 .debug_macro   0x0000000000000000       0x1f build//Users/kubukoz/Developer/PlaydateSDK/C_API/buildsupport/setup.o
 .debug_macro   0x0000000000000000       0x43 build//Users/kubukoz/Developer/PlaydateSDK/C_API/buildsupport/setup.o
 .debug_macro   0x0000000000000000       0x20 build//Users/kubukoz/Developer/PlaydateSDK/C_API/buildsupport/setup.o
 .debug_macro   0x0000000000000000      0x18e build//Users/kubukoz/Developer/PlaydateSDK/C_API/buildsupport/setup.o
 .debug_macro   0x0000000000000000      0x339 build//Users/kubukoz/Developer/PlaydateSDK/C_API/buildsupport/setup.o
 .debug_macro   0x0000000000000000       0x16 build//Users/kubukoz/Developer/PlaydateSDK/C_API/buildsupport/setup.o
 .debug_macro   0x0000000000000000       0x29 build//Users/kubukoz/Developer/PlaydateSDK/C_API/buildsupport/setup.o
 .debug_macro   0x0000000000000000       0x2e build//Users/kubukoz/Developer/PlaydateSDK/C_API/buildsupport/setup.o
 .debug_macro   0x0000000000000000       0x16 build//Users/kubukoz/Developer/PlaydateSDK/C_API/buildsupport/setup.o
 .debug_macro   0x0000000000000000       0x35 build//Users/kubukoz/Developer/PlaydateSDK/C_API/buildsupport/setup.o
 .debug_macro   0x0000000000000000       0x1c build//Users/kubukoz/Developer/PlaydateSDK/C_API/buildsupport/setup.o
 .debug_macro   0x0000000000000000       0x22 build//Users/kubukoz/Developer/PlaydateSDK/C_API/buildsupport/setup.o
 .debug_macro   0x0000000000000000      0x1e1 build//Users/kubukoz/Developer/PlaydateSDK/C_API/buildsupport/setup.o
 .text          0x0000000000000000        0x0 /usr/local/playdate/gcc-arm-none-eabi-9-2019-q4-major/bin/../lib/gcc/arm-none-eabi/9.2.1/../../../../arm-none-eabi/lib/thumb/v7e-m+fp/hard/libg.a(lib_a-malloc.o)
 .data          0x0000000000000000        0x0 /usr/local/playdate/gcc-arm-none-eabi-9-2019-q4-major/bin/../lib/gcc/arm-none-eabi/9.2.1/../../../../arm-none-eabi/lib/thumb/v7e-m+fp/hard/libg.a(lib_a-malloc.o)
 .bss           0x0000000000000000        0x0 /usr/local/playdate/gcc-arm-none-eabi-9-2019-q4-major/bin/../lib/gcc/arm-none-eabi/9.2.1/../../../../arm-none-eabi/lib/thumb/v7e-m+fp/hard/libg.a(lib_a-malloc.o)
 .text.free     0x0000000000000000       0x10 /usr/local/playdate/gcc-arm-none-eabi-9-2019-q4-major/bin/../lib/gcc/arm-none-eabi/9.2.1/../../../../arm-none-eabi/lib/thumb/v7e-m+fp/hard/libg.a(lib_a-malloc.o)
 .data          0x0000000000000000        0x0 /usr/local/playdate/gcc-arm-none-eabi-9-2019-q4-major/bin/../lib/gcc/arm-none-eabi/9.2.1/../../../../arm-none-eabi/lib/thumb/v7e-m+fp/hard/libg.a(lib_a-strlen.o)
 .bss           0x0000000000000000        0x0 /usr/local/playdate/gcc-arm-none-eabi-9-2019-q4-major/bin/../lib/gcc/arm-none-eabi/9.2.1/../../../../arm-none-eabi/lib/thumb/v7e-m+fp/hard/libg.a(lib_a-strlen.o)
 .text          0x0000000000000000        0x0 /usr/local/playdate/gcc-arm-none-eabi-9-2019-q4-major/bin/../lib/gcc/arm-none-eabi/9.2.1/../../../../arm-none-eabi/lib/thumb/v7e-m+fp/hard/libg.a(lib_a-impure.o)
 .data          0x0000000000000000        0x0 /usr/local/playdate/gcc-arm-none-eabi-9-2019-q4-major/bin/../lib/gcc/arm-none-eabi/9.2.1/../../../../arm-none-eabi/lib/thumb/v7e-m+fp/hard/libg.a(lib_a-impure.o)
 .bss           0x0000000000000000        0x0 /usr/local/playdate/gcc-arm-none-eabi-9-2019-q4-major/bin/../lib/gcc/arm-none-eabi/9.2.1/../../../../arm-none-eabi/lib/thumb/v7e-m+fp/hard/libg.a(lib_a-impure.o)
 .rodata._global_impure_ptr
                0x0000000000000000        0x4 /usr/local/playdate/gcc-arm-none-eabi-9-2019-q4-major/bin/../lib/gcc/arm-none-eabi/9.2.1/../../../../arm-none-eabi/lib/thumb/v7e-m+fp/hard/libg.a(lib_a-impure.o)

Memory Configuration

Name             Origin             Length             Attributes
*default*        0x0000000000000000 0xffffffffffffffff

Linker script and memory map

LOAD build/src/main.o
LOAD build//Users/kubukoz/Developer/PlaydateSDK/C_API/buildsupport/setup.o
START GROUP
LOAD /usr/local/playdate/gcc-arm-none-eabi-9-2019-q4-major/bin/../lib/gcc/arm-none-eabi/9.2.1/thumb/v7e-m+fp/hard/libgcc.a
LOAD /usr/local/playdate/gcc-arm-none-eabi-9-2019-q4-major/bin/../lib/gcc/arm-none-eabi/9.2.1/../../../../arm-none-eabi/lib/thumb/v7e-m+fp/hard/libg.a
LOAD /usr/local/playdate/gcc-arm-none-eabi-9-2019-q4-major/bin/../lib/gcc/arm-none-eabi/9.2.1/../../../../arm-none-eabi/lib/thumb/v7e-m+fp/hard/libc.a
END GROUP
START GROUP
LOAD /usr/local/playdate/gcc-arm-none-eabi-9-2019-q4-major/bin/../lib/gcc/arm-none-eabi/9.2.1/thumb/v7e-m+fp/hard/libgcc.a
LOAD /usr/local/playdate/gcc-arm-none-eabi-9-2019-q4-major/bin/../lib/gcc/arm-none-eabi/9.2.1/../../../../arm-none-eabi/lib/thumb/v7e-m+fp/hard/libc.a
LOAD /usr/local/playdate/gcc-arm-none-eabi-9-2019-q4-major/bin/../lib/gcc/arm-none-eabi/9.2.1/../../../../arm-none-eabi/lib/thumb/v7e-m+fp/hard/libm.a
END GROUP

.text           0x0000000000000000      0x3f9
 *(.text)
 .text          0x0000000000000000       0xdc /usr/local/playdate/gcc-arm-none-eabi-9-2019-q4-major/bin/../lib/gcc/arm-none-eabi/9.2.1/../../../../arm-none-eabi/lib/thumb/v7e-m+fp/hard/libg.a(lib_a-strlen.o)
                0x0000000000000000                strlen
 *(.text.*)
 *fill*         0x00000000000000dc        0x4 
 .text.menuItemCallback
                0x00000000000000e0        0xc build/src/main.o
                0x00000000000000e0                menuItemCallback
 *fill*         0x00000000000000ec        0x4 
 .text.update   0x00000000000000f0      0x1b4 build/src/main.o
 *fill*         0x00000000000002a4        0xc 
 .text.eventHandler
                0x00000000000002b0       0x80 build/src/main.o
                0x00000000000002b0                eventHandler
 .text.eventHandlerShim
                0x0000000000000330       0x1c build//Users/kubukoz/Developer/PlaydateSDK/C_API/buildsupport/setup.o
                0x0000000000000330                eventHandlerShim
 *fill*         0x000000000000034c        0x4 
 .text._malloc_r
                0x0000000000000350        0xc build//Users/kubukoz/Developer/PlaydateSDK/C_API/buildsupport/setup.o
                0x0000000000000350                _malloc_r
 .text.malloc   0x000000000000035c       0x10 /usr/local/playdate/gcc-arm-none-eabi-9-2019-q4-major/bin/../lib/gcc/arm-none-eabi/9.2.1/../../../../arm-none-eabi/lib/thumb/v7e-m+fp/hard/libg.a(lib_a-malloc.o)
                0x000000000000035c                malloc
 *(.init)
 *(.fini)
 *crtbegin.o(.ctors)
 *crtbegin?.o(.ctors)
 *(EXCLUDE_FILE(*crtend.o *crtend?.o) .ctors)
 *(SORT_BY_NAME(.ctors.*))
 *(.ctors)
 *crtbegin.o(.dtors)
 *crtbegin?.o(.dtors)
 *(EXCLUDE_FILE(*crtend.o *crtend?.o) .dtors)
 *(SORT_BY_NAME(.dtors.*))
 *(.dtors)
 *(.rodata*)
 .rodata.update.str1.4
                0x000000000000036c       0x2f build/src/main.o
 *fill*         0x000000000000039b        0x1 
 .rodata.eventHandler.str1.4
                0x000000000000039c       0x34 build/src/main.o
 .rodata.str1.4
                0x00000000000003d0       0x29 build/src/main.o
 *(.eh_frame*)

.glue_7         0x00000000000003fc        0x0
 .glue_7        0x00000000000003fc        0x0 linker stubs

.glue_7t        0x00000000000003fc        0x0
 .glue_7t       0x00000000000003fc        0x0 linker stubs

.vfp11_veneer   0x00000000000003fc        0x0
 .vfp11_veneer  0x00000000000003fc        0x0 linker stubs

.v4_bx          0x00000000000003fc        0x0
 .v4_bx         0x00000000000003fc        0x0 linker stubs

.iplt           0x00000000000003fc        0x0
 .iplt          0x00000000000003fc        0x0 build/src/main.o

.rel.dyn        0x00000000000003fc        0x0
 .rel.iplt      0x00000000000003fc        0x0 build/src/main.o

.data           0x0000000000000400      0x440
                0x0000000000000400                __etext = .
                0x0000000000000400                __data_start__ = .
 *(vtable)
 *(.data*)
 .data.dx       0x0000000000000400        0x4 build/src/main.o
                0x0000000000000400                dx
 .data.dy       0x0000000000000404        0x4 build/src/main.o
                0x0000000000000404                dy
 .data.fontpath
                0x0000000000000408        0x4 build/src/main.o
                0x0000000000000408                fontpath
 .data.x        0x000000000000040c        0x4 build/src/main.o
                0x000000000000040c                x
 .data.y        0x0000000000000410        0x4 build/src/main.o
                0x0000000000000410                y
 .data._impure_ptr
                0x0000000000000414        0x4 /usr/local/playdate/gcc-arm-none-eabi-9-2019-q4-major/bin/../lib/gcc/arm-none-eabi/9.2.1/../../../../arm-none-eabi/lib/thumb/v7e-m+fp/hard/libg.a(lib_a-impure.o)
                0x0000000000000414                _impure_ptr
 .data.impure_data
                0x0000000000000418      0x428 /usr/local/playdate/gcc-arm-none-eabi-9-2019-q4-major/bin/../lib/gcc/arm-none-eabi/9.2.1/../../../../arm-none-eabi/lib/thumb/v7e-m+fp/hard/libg.a(lib_a-impure.o)
                0x0000000000000840                . = ALIGN (0x4)
                [!provide]                        PROVIDE (__preinit_array_start = .)
 *(.preinit_array)
                [!provide]                        PROVIDE (__preinit_array_end = .)
                0x0000000000000840                . = ALIGN (0x4)
                [!provide]                        PROVIDE (__init_array_start = .)
 *(SORT_BY_NAME(.init_array.*))
 *(.init_array)
                [!provide]                        PROVIDE (__init_array_end = .)
                0x0000000000000840                . = ALIGN (0x4)
                [!provide]                        PROVIDE (__fini_array_start = .)
 *(SORT_BY_NAME(.fini_array.*))
 *(.fini_array)
                [!provide]                        PROVIDE (__fini_array_end = .)
                0x0000000000000840                . = ALIGN (0x4)
                0x0000000000000840                __data_end__ = .

.igot.plt       0x0000000000000840        0x0
 .igot.plt      0x0000000000000840        0x0 build/src/main.o

.bss            0x0000000000000840       0x14
                0x0000000000000840                . = ALIGN (0x4)
                0x0000000000000840                __bss_start__ = .
 *(.bss*)
 .bss.clickedA  0x0000000000000840        0x4 build/src/main.o
                0x0000000000000840                clickedA
 .bss.clickedGowno
                0x0000000000000844        0x4 build/src/main.o
                0x0000000000000844                clickedGowno
 .bss.color     0x0000000000000848        0x4 build/src/main.o
                0x0000000000000848                color
 .bss.font      0x000000000000084c        0x4 build/src/main.o
                0x000000000000084c                font
 .bss.pdrealloc
                0x0000000000000850        0x4 build//Users/kubukoz/Developer/PlaydateSDK/C_API/buildsupport/setup.o
 *(COMMON)
 *(COM)
                0x0000000000000854                . = ALIGN (0x4)
                0x0000000000000854                __bss_end__ = .

/DISCARD/
 *(.ARM.exidx)
OUTPUT(build/pdex.elf elf32-littlearm)

.debug_info     0x0000000000000000     0xca61
 .debug_info    0x0000000000000000     0x6687 build/src/main.o
 .debug_info    0x0000000000006687     0x63da build//Users/kubukoz/Developer/PlaydateSDK/C_API/buildsupport/setup.o

.debug_abbrev   0x0000000000000000      0x6d0
 .debug_abbrev  0x0000000000000000      0x3aa build/src/main.o
 .debug_abbrev  0x00000000000003aa      0x326 build//Users/kubukoz/Developer/PlaydateSDK/C_API/buildsupport/setup.o

.debug_loc      0x0000000000000000      0x46e
 .debug_loc     0x0000000000000000      0x252 build/src/main.o
 .debug_loc     0x0000000000000252      0x21c build//Users/kubukoz/Developer/PlaydateSDK/C_API/buildsupport/setup.o

.debug_aranges  0x0000000000000000       0x68
 .debug_aranges
                0x0000000000000000       0x30 build/src/main.o
 .debug_aranges
                0x0000000000000030       0x38 build//Users/kubukoz/Developer/PlaydateSDK/C_API/buildsupport/setup.o

.debug_ranges   0x0000000000000000       0x68
 .debug_ranges  0x0000000000000000       0x40 build/src/main.o
 .debug_ranges  0x0000000000000040       0x28 build//Users/kubukoz/Developer/PlaydateSDK/C_API/buildsupport/setup.o

.debug_macro    0x0000000000000000     0x2220
 .debug_macro   0x0000000000000000      0x297 build/src/main.o
 .debug_macro   0x0000000000000297      0xaa8 build/src/main.o
 .debug_macro   0x0000000000000d3f       0x22 build/src/main.o
 .debug_macro   0x0000000000000d61       0x8e build/src/main.o
 .debug_macro   0x0000000000000def       0x51 build/src/main.o
 .debug_macro   0x0000000000000e40       0xef build/src/main.o
 .debug_macro   0x0000000000000f2f       0x6a build/src/main.o
 .debug_macro   0x0000000000000f99      0x1df build/src/main.o
 .debug_macro   0x0000000000001178       0x18 build/src/main.o
 .debug_macro   0x0000000000001190       0x5e build/src/main.o
 .debug_macro   0x00000000000011ee       0x35 build/src/main.o
 .debug_macro   0x0000000000001223       0x34 build/src/main.o
 .debug_macro   0x0000000000001257       0x16 build/src/main.o
 .debug_macro   0x000000000000126d      0x10e build/src/main.o
 .debug_macro   0x000000000000137b       0x8d build/src/main.o
 .debug_macro   0x0000000000001408       0x58 build/src/main.o
 .debug_macro   0x0000000000001460       0x1f build/src/main.o
 .debug_macro   0x000000000000147f       0x43 build/src/main.o
 .debug_macro   0x00000000000014c2       0x20 build/src/main.o
 .debug_macro   0x00000000000014e2      0x18e build/src/main.o
 .debug_macro   0x0000000000001670      0x339 build/src/main.o
 .debug_macro   0x00000000000019a9       0x16 build/src/main.o
 .debug_macro   0x00000000000019bf       0x29 build/src/main.o
 .debug_macro   0x00000000000019e8       0x2e build/src/main.o
 .debug_macro   0x0000000000001a16       0x16 build/src/main.o
 .debug_macro   0x0000000000001a2c       0x35 build/src/main.o
 .debug_macro   0x0000000000001a61       0x1c build/src/main.o
 .debug_macro   0x0000000000001a7d       0x22 build/src/main.o
 .debug_macro   0x0000000000001a9f      0x1e1 build/src/main.o
 .debug_macro   0x0000000000001c80       0x1c build/src/main.o
 .debug_macro   0x0000000000001c9c       0x10 build/src/main.o
 .debug_macro   0x0000000000001cac       0x10 build/src/main.o
 .debug_macro   0x0000000000001cbc       0x1c build/src/main.o
 .debug_macro   0x0000000000001cd8       0x52 build/src/main.o
 .debug_macro   0x0000000000001d2a       0x40 build/src/main.o
 .debug_macro   0x0000000000001d6a       0x10 build/src/main.o
 .debug_macro   0x0000000000001d7a       0x40 build/src/main.o
 .debug_macro   0x0000000000001dba       0xd7 build/src/main.o
 .debug_macro   0x0000000000001e91       0x1c build/src/main.o
 .debug_macro   0x0000000000001ead       0x3d build/src/main.o
 .debug_macro   0x0000000000001eea       0x16 build/src/main.o
 .debug_macro   0x0000000000001f00      0x15a build/src/main.o
 .debug_macro   0x000000000000205a      0x1c6 build//Users/kubukoz/Developer/PlaydateSDK/C_API/buildsupport/setup.o

.debug_line     0x0000000000000000      0xafc
 .debug_line    0x0000000000000000      0x66e build/src/main.o
 .debug_line    0x000000000000066e      0x48e build//Users/kubukoz/Developer/PlaydateSDK/C_API/buildsupport/setup.o

.debug_str      0x0000000000000000     0xaf1d
 .debug_str     0x0000000000000000     0xae95 build/src/main.o
                                       0xb315 (size before relaxing)
 .debug_str     0x000000000000ae95       0x88 build//Users/kubukoz/Developer/PlaydateSDK/C_API/buildsupport/setup.o
                                       0xa0c0 (size before relaxing)

.comment        0x0000000000000000       0x79
 .comment       0x0000000000000000       0x79 build/src/main.o
                                         0x7a (size before relaxing)
 .comment       0x0000000000000079       0x7a build//Users/kubukoz/Developer/PlaydateSDK/C_API/buildsupport/setup.o

.ARM.attributes
                0x0000000000000000       0x32
 .ARM.attributes
                0x0000000000000000       0x34 build/src/main.o
 .ARM.attributes
                0x0000000000000034       0x34 build//Users/kubukoz/Developer/PlaydateSDK/C_API/buildsupport/setup.o
 .ARM.attributes
                0x0000000000000068       0x34 /usr/local/playdate/gcc-arm-none-eabi-9-2019-q4-major/bin/../lib/gcc/arm-none-eabi/9.2.1/../../../../arm-none-eabi/lib/thumb/v7e-m+fp/hard/libg.a(lib_a-malloc.o)
 .ARM.attributes
                0x000000000000009c       0x1c /usr/local/playdate/gcc-arm-none-eabi-9-2019-q4-major/bin/../lib/gcc/arm-none-eabi/9.2.1/../../../../arm-none-eabi/lib/thumb/v7e-m+fp/hard/libg.a(lib_a-strlen.o)
 .ARM.attributes
                0x00000000000000b8       0x32 /usr/local/playdate/gcc-arm-none-eabi-9-2019-q4-major/bin/../lib/gcc/arm-none-eabi/9.2.1/../../../../arm-none-eabi/lib/thumb/v7e-m+fp/hard/libg.a(lib_a-impure.o)

.debug_frame    0x0000000000000000      0x118
 .debug_frame   0x0000000000000000       0x8c build/src/main.o
 .debug_frame   0x000000000000008c       0x5c build//Users/kubukoz/Developer/PlaydateSDK/C_API/buildsupport/setup.o
 .debug_frame   0x00000000000000e8       0x30 /usr/local/playdate/gcc-arm-none-eabi-9-2019-q4-major/bin/../lib/gcc/arm-none-eabi/9.2.1/../../../../arm-none-eabi/lib/thumb/v7e-m+fp/hard/libg.a(lib_a-malloc.o)

Cross Reference Table

Symbol                                            File
_free_r                                           build//Users/kubukoz/Developer/PlaydateSDK/C_API/buildsupport/setup.o
                                                  /usr/local/playdate/gcc-arm-none-eabi-9-2019-q4-major/bin/../lib/gcc/arm-none-eabi/9.2.1/../../../../arm-none-eabi/lib/thumb/v7e-m+fp/hard/libg.a(lib_a-malloc.o)
_global_impure_ptr                                /usr/local/playdate/gcc-arm-none-eabi-9-2019-q4-major/bin/../lib/gcc/arm-none-eabi/9.2.1/../../../../arm-none-eabi/lib/thumb/v7e-m+fp/hard/libg.a(lib_a-impure.o)
_impure_ptr                                       /usr/local/playdate/gcc-arm-none-eabi-9-2019-q4-major/bin/../lib/gcc/arm-none-eabi/9.2.1/../../../../arm-none-eabi/lib/thumb/v7e-m+fp/hard/libg.a(lib_a-impure.o)
                                                  /usr/local/playdate/gcc-arm-none-eabi-9-2019-q4-major/bin/../lib/gcc/arm-none-eabi/9.2.1/../../../../arm-none-eabi/lib/thumb/v7e-m+fp/hard/libg.a(lib_a-malloc.o)
_malloc_r                                         build//Users/kubukoz/Developer/PlaydateSDK/C_API/buildsupport/setup.o
                                                  /usr/local/playdate/gcc-arm-none-eabi-9-2019-q4-major/bin/../lib/gcc/arm-none-eabi/9.2.1/../../../../arm-none-eabi/lib/thumb/v7e-m+fp/hard/libg.a(lib_a-malloc.o)
_realloc_r                                        build//Users/kubukoz/Developer/PlaydateSDK/C_API/buildsupport/setup.o
clickedA                                          build/src/main.o
clickedGowno                                      build/src/main.o
color                                             build/src/main.o
dx                                                build/src/main.o
dy                                                build/src/main.o
eventHandler                                      build/src/main.o
                                                  build//Users/kubukoz/Developer/PlaydateSDK/C_API/buildsupport/setup.o
eventHandlerShim                                  build//Users/kubukoz/Developer/PlaydateSDK/C_API/buildsupport/setup.o
font                                              build/src/main.o
fontpath                                          build/src/main.o
free                                              /usr/local/playdate/gcc-arm-none-eabi-9-2019-q4-major/bin/../lib/gcc/arm-none-eabi/9.2.1/../../../../arm-none-eabi/lib/thumb/v7e-m+fp/hard/libg.a(lib_a-malloc.o)
malloc                                            /usr/local/playdate/gcc-arm-none-eabi-9-2019-q4-major/bin/../lib/gcc/arm-none-eabi/9.2.1/../../../../arm-none-eabi/lib/thumb/v7e-m+fp/hard/libg.a(lib_a-malloc.o)
                                                  build/src/main.o
menuItemCallback                                  build/src/main.o
strlen                                            /usr/local/playdate/gcc-arm-none-eabi-9-2019-q4-major/bin/../lib/gcc/arm-none-eabi/9.2.1/../../../../arm-none-eabi/lib/thumb/v7e-m+fp/hard/libg.a(lib_a-strlen.o)
                                                  build/src/main.o
x                                                 build/src/main.o
y                                                 build/src/main.o
